// Jest Snapshot v1, https://goo.gl/fbAQLP

exports[`AppLoading should render properly 1`] = `
<div
  style={
    Object {
      "alignItems": "center",
      "display": "flex",
      "flexDirection": "column",
      "height": "100%",
      "justifyContent": "center",
      "width": "100%",
    }
  }
>
  <div
    style={
      Object {
        "maxWidth": "60rem",
      }
    }
  />
</div>
`;
