// Jest Snapshot v1, https://goo.gl/fbAQLP

exports[`NoFound should render properly 1`] = `
<notFoundcomponent__ErrorWrapper
  data-test-id="notFoundError"
>
  <typographycomponent__Typography
    variant="headline"
  >
    error.title
  </typographycomponent__Typography>
  <br />
  <typographycomponent__Typography
    variant="body"
  >
    error.notFoundError
  </typographycomponent__Typography>
</notFoundcomponent__ErrorWrapper>
`;
