// Jest Snapshot v1, https://goo.gl/fbAQLP

exports[`SubNavBar should render properly 1`] = `
<subNavBarcomponent__StyledNav>
  Children
</subNavBarcomponent__StyledNav>
`;
